Version 1 - compilation option O3
---------------------------------

CPU TIME FOR INITIALIZATION:   0.1999700E-01
CPU TIME FOR LOOP:   0.1723816E+04
CPU TIME FOR COMPUTATION OF MEAN AND TOTAL VARIANCE:   0.9394967E+02
CPU TIME FOR COMPUTATION OF PARTIAL VARIANCES:   0.1629862E+04
CPU TIME FOR PARAMETER          1:   0.9585144E+02
CPU TIME FOR PARAMETER          2:   0.9604841E+02
CPU TIME FOR PARAMETER          3:   0.9610142E+02
CPU TIME FOR PARAMETER          4:   0.9603936E+02
CPU TIME FOR PARAMETER          5:   0.9606943E+02
CPU TIME FOR PARAMETER          6:   0.9606635E+02
CPU TIME FOR PARAMETER          7:   0.9608243E+02
CPU TIME FOR PARAMETER          8:   0.9596941E+02
CPU TIME FOR PARAMETER          9:   0.9609441E+02
CPU TIME FOR PARAMETER         10:   0.9605847E+02
CPU TIME FOR PARAMETER         11:   0.9608935E+02
CPU TIME FOR PARAMETER         12:   0.9606938E+02
CPU TIME FOR PARAMETER         13:   0.9607336E+02
CPU TIME FOR PARAMETER         14:   0.9608135E+02
CPU TIME FOR PARAMETER         15:   0.9607643E+02
CPU TIME FOR PARAMETER         16:   0.9612242E+02
CPU TIME FOR COMPUTATION OF SOBOL COEFFICIENTS:   0.8798600E-01
TOTAL CPU TIME:   0.1723924E+04
