Version 1 - no compilation option
---------------------------------

CPU TIME FOR INITIALIZATION:   0.2299600E-01
CPU TIME FOR LOOP:   0.1770758E+04
CPU TIME FOR COMPUTATION OF MEAN AND TOTAL VARIANCE:   0.9696437E+02
CPU TIME FOR COMPUTATION OF PARTIAL VARIANCES:   0.1673791E+04
CPU TIME FOR PARAMETER          1:   0.9835514E+02
CPU TIME FOR PARAMETER          2:   0.9865401E+02
CPU TIME FOR PARAMETER          3:   0.9864897E+02
CPU TIME FOR PARAMETER          4:   0.9855602E+02
CPU TIME FOR PARAMETER          5:   0.9864003E+02
CPU TIME FOR PARAMETER          6:   0.9858800E+02
CPU TIME FOR PARAMETER          7:   0.9873001E+02
CPU TIME FOR PARAMETER          8:   0.9866999E+02
CPU TIME FOR PARAMETER          9:   0.9859700E+02
CPU TIME FOR PARAMETER         10:   0.9859912E+02
CPU TIME FOR PARAMETER         11:   0.9865789E+02
CPU TIME FOR PARAMETER         12:   0.9863305E+02
CPU TIME FOR PARAMETER         13:   0.9863300E+02
CPU TIME FOR PARAMETER         14:   0.9865995E+02
CPU TIME FOR PARAMETER         15:   0.9867907E+02
CPU TIME FOR PARAMETER         16:   0.9862188E+02
CPU TIME FOR COMPUTATION OF SOBOL COEFFICIENTS:   0.8598700E-01
TOTAL CPU TIME:   0.1770867E+04
