Version 2 - compilation option O3
---------------------------------

CPU TIME FOR INITIALIZATION:   0.2299700E-01
CPU TIME FOR LOOP:   0.1740703E+04
CPU TIME FOR COMPUTATION OF MEAN AND TOTAL VARIANCE:   0.9512345E+02
CPU TIME FOR COMPUTATION OF PARTIAL VARIANCES:   0.1645575E+04
CPU TIME FOR PARAMETER          1:   0.9673731E+02
CPU TIME FOR PARAMETER          2:   0.9696422E+02
CPU TIME FOR PARAMETER          3:   0.9701432E+02
CPU TIME FOR PARAMETER          4:   0.9694516E+02
CPU TIME FOR PARAMETER          5:   0.9703936E+02
CPU TIME FOR PARAMETER          6:   0.9691722E+02
CPU TIME FOR PARAMETER          7:   0.9701431E+02
CPU TIME FOR PARAMETER          8:   0.9686323E+02
CPU TIME FOR PARAMETER          9:   0.9703332E+02
CPU TIME FOR PARAMETER         10:   0.9694819E+02
CPU TIME FOR PARAMETER         11:   0.9702928E+02
CPU TIME FOR PARAMETER         12:   0.9697223E+02
CPU TIME FOR PARAMETER         13:   0.9698125E+02
CPU TIME FOR PARAMETER         14:   0.9701329E+02
CPU TIME FOR PARAMETER         15:   0.9701315E+02
CPU TIME FOR PARAMETER         16:   0.9703638E+02
CPU TIME FOR COMPUTATION OF SOBOL COEFFICIENTS:   0.9198500E-01
TOTAL CPU TIME:   0.1740818E+04
