Version 1 - compilation option O2
---------------------------------

CPU TIME FOR INITIALIZATION:   0.2099700E-01
CPU TIME FOR LOOP:   0.1767349E+04
CPU TIME FOR COMPUTATION OF MEAN AND TOTAL VARIANCE:   0.9665735E+02
CPU TIME FOR COMPUTATION OF PARTIAL VARIANCES:   0.1670686E+04
CPU TIME FOR PARAMETER          1:   0.9817812E+02
CPU TIME FOR PARAMETER          2:   0.9844707E+02
CPU TIME FOR PARAMETER          3:   0.9836204E+02
CPU TIME FOR PARAMETER          4:   0.9840401E+02
CPU TIME FOR PARAMETER          5:   0.9848406E+02
CPU TIME FOR PARAMETER          6:   0.9839397E+02
CPU TIME FOR PARAMETER          7:   0.9861502E+02
CPU TIME FOR PARAMETER          8:   0.9834804E+02
CPU TIME FOR PARAMETER          9:   0.9842801E+02
CPU TIME FOR PARAMETER         10:   0.9842804E+02
CPU TIME FOR PARAMETER         11:   0.9845303E+02
CPU TIME FOR PARAMETER         12:   0.9841206E+02
CPU TIME FOR PARAMETER         13:   0.9843707E+02
CPU TIME FOR PARAMETER         14:   0.9856795E+02
CPU TIME FOR PARAMETER         15:   0.9857809E+02
CPU TIME FOR PARAMETER         16:   0.9848998E+02
CPU TIME FOR COMPUTATION OF SOBOL COEFFICIENTS:   0.8998700E-01
TOTAL CPU TIME:   0.1767460E+04
